// Jest Snapshot v1, https://goo.gl/fbAQLP

exports[`Snapshot testing of RepoCard component renders correctly 1`] = `
<div
  className="w-[680px] h-auto border-0 border-dolist-lightgray rounded m-auto mt-4 mb-4 p-4 bg-dolist-cream"
>
  <div
    className="flex felx-row justify-between pl-2 pr-2"
  >
    <p>
      test
    </p>
    <button>
      Track tasks
    </button>
  </div>
</div>
`;
